---
source: crates/ara-core/tests/parse_fixtures.rs
expression: manifest
---
{
  "nodes": [
    {
      "id": "N01",
      "kind": "pivot",
      "label": "Curation strategy pivot",
      "support_level": null,
      "source_refs": [],
      "description": null,
      "fields": {
        "pivot": {
          "from": "Full manual curation",
          "to": "Semi-automated pipeline with multi-pass LLM extraction + execution validation",
          "trigger": "Manual curation infeasible at scale; needed automated extraction with a validation loop.\n"
        }
      },
      "evidence_notes": []
    },
    {
      "id": "N02",
      "kind": "dead_end",
      "label": "GPT-3.5 single-sample generation",
      "support_level": null,
      "source_refs": [],
      "description": null,
      "fields": {
        "dead_end": {
          "hypothesis": "GPT-3.5's Python single-sample pass rate is high enough to skip multi-sample validation.\n",
          "failure_mode": "Pass rate collapsed on harder tasks; single samples were unreliable.\n",
          "lesson": "Use multi-sample generation with execution validation instead.\n",
          "why_failed": null
        }
      },
      "evidence_notes": []
    }
  ],
  "links": [
    {
      "from": "N01",
      "to": "N02",
      "kind": "child"
    }
  ],
  "bindings": [],
  "claims": []
}
